22:03:08 **** Incremental Build of configuration Debug for project LCD ****
make -j8 all 
arm-none-eabi-gcc "../HVAC_App/Src/hvac_ll_driver.c" -mcpu=cortex-m4 -std=gnu11 -g3 -DDEBUG -DSTM32F407xx -DSTM32 -DSTM32F4 -DSTM32F407VGTx -c -I../Inc -I"D:/TRABAJO/UMAKER/CURSOS/ARM - NUCLEO/ARM_Marzo2024/LCD/Components/lcd" -I"D:/TRABAJO/UMAKER/CURSOS/ARM - NUCLEO/ARM_Marzo2024/LCD/Components/button" -I"D:/TRABAJO/UMAKER/CURSOS/ARM - NUCLEO/ARM_Marzo2024/LCD/Components/delay" -I"D:/TRABAJO/UMAKER/CURSOS/ARM - NUCLEO/ARM_Marzo2024/LCD/HVAC_App/Inc" -I"D:/TRABAJO/UMAKER/CURSOS/ARM - NUCLEO/ARM_Marzo2024/LCD/Drivers/CMSIS/Include" -I"D:/TRABAJO/UMAKER/CURSOS/ARM - NUCLEO/ARM_Marzo2024/LCD/Drivers/CMSIS/Device/ST/STM32F4xx/Include" -I"D:/TRABAJO/UMAKER/CURSOS/ARM - NUCLEO/ARM_Marzo2024/LCD/Core/Inc" -O0 -ffunction-sections -fdata-sections -Wall -fstack-usage -fcyclomatic-complexity -MMD -MP -MF"HVAC_App/Src/hvac_ll_driver.d" -MT"HVAC_App/Src/hvac_ll_driver.o" --specs=nano.specs -mfpu=fpv4-sp-d16 -mfloat-abi=hard -mthumb -o "HVAC_App/Src/hvac_ll_driver.o"
arm-none-eabi-gcc "../Core/Src/main.c" -mcpu=cortex-m4 -std=gnu11 -g3 -DDEBUG -DSTM32F407xx -DSTM32 -DSTM32F4 -DSTM32F407VGTx -c -I../Inc -I"D:/TRABAJO/UMAKER/CURSOS/ARM - NUCLEO/ARM_Marzo2024/LCD/Components/lcd" -I"D:/TRABAJO/UMAKER/CURSOS/ARM - NUCLEO/ARM_Marzo2024/LCD/Components/button" -I"D:/TRABAJO/UMAKER/CURSOS/ARM - NUCLEO/ARM_Marzo2024/LCD/Components/delay" -I"D:/TRABAJO/UMAKER/CURSOS/ARM - NUCLEO/ARM_Marzo2024/LCD/HVAC_App/Inc" -I"D:/TRABAJO/UMAKER/CURSOS/ARM - NUCLEO/ARM_Marzo2024/LCD/Drivers/CMSIS/Include" -I"D:/TRABAJO/UMAKER/CURSOS/ARM - NUCLEO/ARM_Marzo2024/LCD/Drivers/CMSIS/Device/ST/STM32F4xx/Include" -I"D:/TRABAJO/UMAKER/CURSOS/ARM - NUCLEO/ARM_Marzo2024/LCD/Core/Inc" -O0 -ffunction-sections -fdata-sections -Wall -fstack-usage -fcyclomatic-complexity -MMD -MP -MF"Core/Src/main.d" -MT"Core/Src/main.o" --specs=nano.specs -mfpu=fpv4-sp-d16 -mfloat-abi=hard -mthumb -o "Core/Src/main.o"
arm-none-eabi-gcc "../Core/Src/stm32f4xx_it.c" -mcpu=cortex-m4 -std=gnu11 -g3 -DDEBUG -DSTM32F407xx -DSTM32 -DSTM32F4 -DSTM32F407VGTx -c -I../Inc -I"D:/TRABAJO/UMAKER/CURSOS/ARM - NUCLEO/ARM_Marzo2024/LCD/Components/lcd" -I"D:/TRABAJO/UMAKER/CURSOS/ARM - NUCLEO/ARM_Marzo2024/LCD/Components/button" -I"D:/TRABAJO/UMAKER/CURSOS/ARM - NUCLEO/ARM_Marzo2024/LCD/Components/delay" -I"D:/TRABAJO/UMAKER/CURSOS/ARM - NUCLEO/ARM_Marzo2024/LCD/HVAC_App/Inc" -I"D:/TRABAJO/UMAKER/CURSOS/ARM - NUCLEO/ARM_Marzo2024/LCD/Drivers/CMSIS/Include" -I"D:/TRABAJO/UMAKER/CURSOS/ARM - NUCLEO/ARM_Marzo2024/LCD/Drivers/CMSIS/Device/ST/STM32F4xx/Include" -I"D:/TRABAJO/UMAKER/CURSOS/ARM - NUCLEO/ARM_Marzo2024/LCD/Core/Inc" -O0 -ffunction-sections -fdata-sections -Wall -fstack-usage -fcyclomatic-complexity -MMD -MP -MF"Core/Src/stm32f4xx_it.d" -MT"Core/Src/stm32f4xx_it.o" --specs=nano.specs -mfpu=fpv4-sp-d16 -mfloat-abi=hard -mthumb -o "Core/Src/stm32f4xx_it.o"
arm-none-eabi-gcc -o "LCD.elf" @"objects.list"   -mcpu=cortex-m4 -T"D:\TRABAJO\UMAKER\CURSOS\ARM - NUCLEO\ARM_Marzo2024\LCD\STM32F407VGTX_FLASH.ld" --specs=nosys.specs -Wl,-Map="LCD.map" -Wl,--gc-sections -static --specs=nano.specs -mfpu=fpv4-sp-d16 -mfloat-abi=hard -mthumb -Wl,--start-group -lc -lm -Wl,--end-group
Finished building target: LCD.elf
 
arm-none-eabi-size  LCD.elf 
arm-none-eabi-objdump -h -S LCD.elf  > "LCD.list"
arm-none-eabi-objcopy  -O ihex LCD.elf  "LCD.hex"
   text	   data	    bss	    dec	    hex	filename
   9340	    104	   2000	  11444	   2cb4	LCD.elf
arm-none-eabi-objcopy  -O binary LCD.elf  "LCD.bin"
Finished building: default.size.stdout
 
Finished building: LCD.hex
Finished building: LCD.list
Finished building: LCD.bin
 
 
 
