22:08:38 **** Incremental Build of configuration Debug for project SysTick ****
make -j8 all 
arm-none-eabi-gcc -o "SysTick.elf" @"objects.list"   -mcpu=cortex-m4 -T"D:\TRABAJO\UMAKER\CURSOS\ARM - NUCLEO\ARM_Marzo2024\SysTick\STM32F407VGTX_FLASH.ld" --specs=nosys.specs -Wl,-Map="SysTick.map" -Wl,--gc-sections -static --specs=nano.specs -mfpu=fpv4-sp-d16 -mfloat-abi=hard -mthumb -Wl,--start-group -lc -lm -Wl,--end-group
Finished building target: SysTick.elf
 
arm-none-eabi-size  SysTick.elf 
arm-none-eabi-objdump -h -S SysTick.elf  > "SysTick.list"
   text	   data	    bss	    dec	    hex	filename
   6952	    104	   1984	   9040	   2350	SysTick.elf
Finished building: default.size.stdout
 
Finished building: SysTick.list
 

22:08:39 Build Finished. 0 errors, 0 warnings. (took 1s.185ms)

