22:03:24 **** Incremental Build of configuration Debug for project TIMER ****
make -j8 all 
arm-none-eabi-gcc "../Core/Src/main.c" -mcpu=cortex-m4 -std=gnu11 -g3 -DDEBUG -DSTM32F407xx -DSTM32 -DSTM32F4 -DSTM32F407VGTx -c -I../Inc -I"D:/TRABAJO/UMAKER/CURSOS/ARM - NUCLEO/ARM_Marzo2024/TIMER/Components/AM2301" -I"D:/TRABAJO/UMAKER/CURSOS/ARM - NUCLEO/ARM_Marzo2024/TIMER/Components/lcd" -I"D:/TRABAJO/UMAKER/CURSOS/ARM - NUCLEO/ARM_Marzo2024/TIMER/Components/button" -I"D:/TRABAJO/UMAKER/CURSOS/ARM - NUCLEO/ARM_Marzo2024/TIMER/Components/delay" -I"D:/TRABAJO/UMAKER/CURSOS/ARM - NUCLEO/ARM_Marzo2024/TIMER/HVAC_App/Inc" -I"D:/TRABAJO/UMAKER/CURSOS/ARM - NUCLEO/ARM_Marzo2024/TIMER/Drivers/CMSIS/Include" -I"D:/TRABAJO/UMAKER/CURSOS/ARM - NUCLEO/ARM_Marzo2024/TIMER/Drivers/CMSIS/Device/ST/STM32F4xx/Include" -I"D:/TRABAJO/UMAKER/CURSOS/ARM - NUCLEO/ARM_Marzo2024/TIMER/Core/Inc" -O0 -ffunction-sections -fdata-sections -Wall -fstack-usage -fcyclomatic-complexity -MMD -MP -MF"Core/Src/main.d" -MT"Core/Src/main.o" --specs=nano.specs -mfpu=fpv4-sp-d16 -mfloat-abi=hard -mthumb -o "Core/Src/main.o"
arm-none-eabi-gcc -o "TIMER.elf" @"objects.list"   -mcpu=cortex-m4 -T"D:\TRABAJO\UMAKER\CURSOS\ARM - NUCLEO\ARM_Marzo2024\TIMER\STM32F407VGTX_FLASH.ld" --specs=nosys.specs -Wl,-Map="TIMER.map" -Wl,--gc-sections -static --specs=nano.specs -mfpu=fpv4-sp-d16 -mfloat-abi=hard -mthumb -Wl,--start-group -lc -lm -Wl,--end-group
Finished building target: TIMER.elf
 
arm-none-eabi-size  TIMER.elf 
arm-none-eabi-objdump -h -S TIMER.elf  > "TIMER.list"
   text	   data	    bss	    dec	    hex	filename
  10976	    104	   2648	  13728	   35a0	TIMER.elf
arm-none-eabi-objcopy  -O ihex TIMER.elf  "TIMER.hex"
arm-none-eabi-objcopy  -O binary TIMER.elf  "TIMER.bin"
Finished building: default.size.stdout
 
Finished building: TIMER.hex
Finished building: TIMER.bin
 
 
Finished building: TIMER.list
 

22:03:26 Build Finished. 0 errors, 0 warnings. (took 1s.939ms)

