21:35:33 **** Build of configuration Debug for project USART ****
make -j8 all 
arm-none-eabi-gcc "../HVAC_App/Src/hvac_ll_driver.c" -mcpu=cortex-m4 -std=gnu11 -g3 -DDEBUG -DSTM32F407xx -DSTM32 -DSTM32F4 -DSTM32F407VGTx -c -I../Inc -I"D:/TRABAJO/UMAKER/CURSOS/ARM - NUCLEO/ARM_Marzo2024/USART/Components/lcd" -I"D:/TRABAJO/UMAKER/CURSOS/ARM - NUCLEO/ARM_Marzo2024/USART/Components/button" -I"D:/TRABAJO/UMAKER/CURSOS/ARM - NUCLEO/ARM_Marzo2024/USART/Components/delay" -I"D:/TRABAJO/UMAKER/CURSOS/ARM - NUCLEO/ARM_Marzo2024/USART/HVAC_App/Inc" -I"D:/TRABAJO/UMAKER/CURSOS/ARM - NUCLEO/ARM_Marzo2024/USART/Drivers/CMSIS/Include" -I"D:/TRABAJO/UMAKER/CURSOS/ARM - NUCLEO/ARM_Marzo2024/USART/Drivers/CMSIS/Device/ST/STM32F4xx/Include" -I"D:/TRABAJO/UMAKER/CURSOS/ARM - NUCLEO/ARM_Marzo2024/USART/Core/Inc" -O0 -ffunction-sections -fdata-sections -Wall -fstack-usage -fcyclomatic-complexity -MMD -MP -MF"HVAC_App/Src/hvac_ll_driver.d" -MT"HVAC_App/Src/hvac_ll_driver.o" --specs=nano.specs -mfpu=fpv4-sp-d16 -mfloat-abi=hard -mthumb -o "HVAC_App/Src/hvac_ll_driver.o"
arm-none-eabi-gcc -mcpu=cortex-m4 -g3 -DDEBUG -c -x assembler-with-cpp -MMD -MP -MF"Core/Startup/startup_stm32f407vgtx.d" -MT"Core/Startup/startup_stm32f407vgtx.o" --specs=nano.specs -mfpu=fpv4-sp-d16 -mfloat-abi=hard -mthumb -o "Core/Startup/startup_stm32f407vgtx.o" "../Core/Startup/startup_stm32f407vgtx.s"
arm-none-eabi-gcc "../Core/Src/main.c" -mcpu=cortex-m4 -std=gnu11 -g3 -DDEBUG -DSTM32F407xx -DSTM32 -DSTM32F4 -DSTM32F407VGTx -c -I../Inc -I"D:/TRABAJO/UMAKER/CURSOS/ARM - NUCLEO/ARM_Marzo2024/USART/Components/lcd" -I"D:/TRABAJO/UMAKER/CURSOS/ARM - NUCLEO/ARM_Marzo2024/USART/Components/button" -I"D:/TRABAJO/UMAKER/CURSOS/ARM - NUCLEO/ARM_Marzo2024/USART/Components/delay" -I"D:/TRABAJO/UMAKER/CURSOS/ARM - NUCLEO/ARM_Marzo2024/USART/HVAC_App/Inc" -I"D:/TRABAJO/UMAKER/CURSOS/ARM - NUCLEO/ARM_Marzo2024/USART/Drivers/CMSIS/Include" -I"D:/TRABAJO/UMAKER/CURSOS/ARM - NUCLEO/ARM_Marzo2024/USART/Drivers/CMSIS/Device/ST/STM32F4xx/Include" -I"D:/TRABAJO/UMAKER/CURSOS/ARM - NUCLEO/ARM_Marzo2024/USART/Core/Inc" -O0 -ffunction-sections -fdata-sections -Wall -fstack-usage -fcyclomatic-complexity -MMD -MP -MF"Core/Src/main.d" -MT"Core/Src/main.o" --specs=nano.specs -mfpu=fpv4-sp-d16 -mfloat-abi=hard -mthumb -o "Core/Src/main.o"
arm-none-eabi-gcc "../Core/Src/stm32f4xx_it.c" -mcpu=cortex-m4 -std=gnu11 -g3 -DDEBUG -DSTM32F407xx -DSTM32 -DSTM32F4 -DSTM32F407VGTx -c -I../Inc -I"D:/TRABAJO/UMAKER/CURSOS/ARM - NUCLEO/ARM_Marzo2024/USART/Components/lcd" -I"D:/TRABAJO/UMAKER/CURSOS/ARM - NUCLEO/ARM_Marzo2024/USART/Components/button" -I"D:/TRABAJO/UMAKER/CURSOS/ARM - NUCLEO/ARM_Marzo2024/USART/Components/delay" -I"D:/TRABAJO/UMAKER/CURSOS/ARM - NUCLEO/ARM_Marzo2024/USART/HVAC_App/Inc" -I"D:/TRABAJO/UMAKER/CURSOS/ARM - NUCLEO/ARM_Marzo2024/USART/Drivers/CMSIS/Include" -I"D:/TRABAJO/UMAKER/CURSOS/ARM - NUCLEO/ARM_Marzo2024/USART/Drivers/CMSIS/Device/ST/STM32F4xx/Include" -I"D:/TRABAJO/UMAKER/CURSOS/ARM - NUCLEO/ARM_Marzo2024/USART/Core/Inc" -O0 -ffunction-sections -fdata-sections -Wall -fstack-usage -fcyclomatic-complexity -MMD -MP -MF"Core/Src/stm32f4xx_it.d" -MT"Core/Src/stm32f4xx_it.o" --specs=nano.specs -mfpu=fpv4-sp-d16 -mfloat-abi=hard -mthumb -o "Core/Src/stm32f4xx_it.o"
arm-none-eabi-gcc "../Core/Src/syscalls.c" -mcpu=cortex-m4 -std=gnu11 -g3 -DDEBUG -DSTM32F407xx -DSTM32 -DSTM32F4 -DSTM32F407VGTx -c -I../Inc -I"D:/TRABAJO/UMAKER/CURSOS/ARM - NUCLEO/ARM_Marzo2024/USART/Components/lcd" -I"D:/TRABAJO/UMAKER/CURSOS/ARM - NUCLEO/ARM_Marzo2024/USART/Components/button" -I"D:/TRABAJO/UMAKER/CURSOS/ARM - NUCLEO/ARM_Marzo2024/USART/Components/delay" -I"D:/TRABAJO/UMAKER/CURSOS/ARM - NUCLEO/ARM_Marzo2024/USART/HVAC_App/Inc" -I"D:/TRABAJO/UMAKER/CURSOS/ARM - NUCLEO/ARM_Marzo2024/USART/Drivers/CMSIS/Include" -I"D:/TRABAJO/UMAKER/CURSOS/ARM - NUCLEO/ARM_Marzo2024/USART/Drivers/CMSIS/Device/ST/STM32F4xx/Include" -I"D:/TRABAJO/UMAKER/CURSOS/ARM - NUCLEO/ARM_Marzo2024/USART/Core/Inc" -O0 -ffunction-sections -fdata-sections -Wall -fstack-usage -fcyclomatic-complexity -MMD -MP -MF"Core/Src/syscalls.d" -MT"Core/Src/syscalls.o" --specs=nano.specs -mfpu=fpv4-sp-d16 -mfloat-abi=hard -mthumb -o "Core/Src/syscalls.o"
arm-none-eabi-gcc "../Core/Src/sysmem.c" -mcpu=cortex-m4 -std=gnu11 -g3 -DDEBUG -DSTM32F407xx -DSTM32 -DSTM32F4 -DSTM32F407VGTx -c -I../Inc -I"D:/TRABAJO/UMAKER/CURSOS/ARM - NUCLEO/ARM_Marzo2024/USART/Components/lcd" -I"D:/TRABAJO/UMAKER/CURSOS/ARM - NUCLEO/ARM_Marzo2024/USART/Components/button" -I"D:/TRABAJO/UMAKER/CURSOS/ARM - NUCLEO/ARM_Marzo2024/USART/Components/delay" -I"D:/TRABAJO/UMAKER/CURSOS/ARM - NUCLEO/ARM_Marzo2024/USART/HVAC_App/Inc" -I"D:/TRABAJO/UMAKER/CURSOS/ARM - NUCLEO/ARM_Marzo2024/USART/Drivers/CMSIS/Include" -I"D:/TRABAJO/UMAKER/CURSOS/ARM - NUCLEO/ARM_Marzo2024/USART/Drivers/CMSIS/Device/ST/STM32F4xx/Include" -I"D:/TRABAJO/UMAKER/CURSOS/ARM - NUCLEO/ARM_Marzo2024/USART/Core/Inc" -O0 -ffunction-sections -fdata-sections -Wall -fstack-usage -fcyclomatic-complexity -MMD -MP -MF"Core/Src/sysmem.d" -MT"Core/Src/sysmem.o" --specs=nano.specs -mfpu=fpv4-sp-d16 -mfloat-abi=hard -mthumb -o "Core/Src/sysmem.o"
arm-none-eabi-gcc "../Core/Src/system_stm32f4xx.c" -mcpu=cortex-m4 -std=gnu11 -g3 -DDEBUG -DSTM32F407xx -DSTM32 -DSTM32F4 -DSTM32F407VGTx -c -I../Inc -I"D:/TRABAJO/UMAKER/CURSOS/ARM - NUCLEO/ARM_Marzo2024/USART/Components/lcd" -I"D:/TRABAJO/UMAKER/CURSOS/ARM - NUCLEO/ARM_Marzo2024/USART/Components/button" -I"D:/TRABAJO/UMAKER/CURSOS/ARM - NUCLEO/ARM_Marzo2024/USART/Components/delay" -I"D:/TRABAJO/UMAKER/CURSOS/ARM - NUCLEO/ARM_Marzo2024/USART/HVAC_App/Inc" -I"D:/TRABAJO/UMAKER/CURSOS/ARM - NUCLEO/ARM_Marzo2024/USART/Drivers/CMSIS/Include" -I"D:/TRABAJO/UMAKER/CURSOS/ARM - NUCLEO/ARM_Marzo2024/USART/Drivers/CMSIS/Device/ST/STM32F4xx/Include" -I"D:/TRABAJO/UMAKER/CURSOS/ARM - NUCLEO/ARM_Marzo2024/USART/Core/Inc" -O0 -ffunction-sections -fdata-sections -Wall -fstack-usage -fcyclomatic-complexity -MMD -MP -MF"Core/Src/system_stm32f4xx.d" -MT"Core/Src/system_stm32f4xx.o" --specs=nano.specs -mfpu=fpv4-sp-d16 -mfloat-abi=hard -mthumb -o "Core/Src/system_stm32f4xx.o"
arm-none-eabi-gcc "../Components/lcd/lcd.c" -mcpu=cortex-m4 -std=gnu11 -g3 -DDEBUG -DSTM32F407xx -DSTM32 -DSTM32F4 -DSTM32F407VGTx -c -I../Inc -I"D:/TRABAJO/UMAKER/CURSOS/ARM - NUCLEO/ARM_Marzo2024/USART/Components/lcd" -I"D:/TRABAJO/UMAKER/CURSOS/ARM - NUCLEO/ARM_Marzo2024/USART/Components/button" -I"D:/TRABAJO/UMAKER/CURSOS/ARM - NUCLEO/ARM_Marzo2024/USART/Components/delay" -I"D:/TRABAJO/UMAKER/CURSOS/ARM - NUCLEO/ARM_Marzo2024/USART/HVAC_App/Inc" -I"D:/TRABAJO/UMAKER/CURSOS/ARM - NUCLEO/ARM_Marzo2024/USART/Drivers/CMSIS/Include" -I"D:/TRABAJO/UMAKER/CURSOS/ARM - NUCLEO/ARM_Marzo2024/USART/Drivers/CMSIS/Device/ST/STM32F4xx/Include" -I"D:/TRABAJO/UMAKER/CURSOS/ARM - NUCLEO/ARM_Marzo2024/USART/Core/Inc" -O0 -ffunction-sections -fdata-sections -Wall -fstack-usage -fcyclomatic-complexity -MMD -MP -MF"Components/lcd/lcd.d" -MT"Components/lcd/lcd.o" --specs=nano.specs -mfpu=fpv4-sp-d16 -mfloat-abi=hard -mthumb -o "Components/lcd/lcd.o"
arm-none-eabi-gcc "../Components/delay/delay.c" -mcpu=cortex-m4 -std=gnu11 -g3 -DDEBUG -DSTM32F407xx -DSTM32 -DSTM32F4 -DSTM32F407VGTx -c -I../Inc -I"D:/TRABAJO/UMAKER/CURSOS/ARM - NUCLEO/ARM_Marzo2024/USART/Components/lcd" -I"D:/TRABAJO/UMAKER/CURSOS/ARM - NUCLEO/ARM_Marzo2024/USART/Components/button" -I"D:/TRABAJO/UMAKER/CURSOS/ARM - NUCLEO/ARM_Marzo2024/USART/Components/delay" -I"D:/TRABAJO/UMAKER/CURSOS/ARM - NUCLEO/ARM_Marzo2024/USART/HVAC_App/Inc" -I"D:/TRABAJO/UMAKER/CURSOS/ARM - NUCLEO/ARM_Marzo2024/USART/Drivers/CMSIS/Include" -I"D:/TRABAJO/UMAKER/CURSOS/ARM - NUCLEO/ARM_Marzo2024/USART/Drivers/CMSIS/Device/ST/STM32F4xx/Include" -I"D:/TRABAJO/UMAKER/CURSOS/ARM - NUCLEO/ARM_Marzo2024/USART/Core/Inc" -O0 -ffunction-sections -fdata-sections -Wall -fstack-usage -fcyclomatic-complexity -MMD -MP -MF"Components/delay/delay.d" -MT"Components/delay/delay.o" --specs=nano.specs -mfpu=fpv4-sp-d16 -mfloat-abi=hard -mthumb -o "Components/delay/delay.o"
arm-none-eabi-gcc "../Components/button/button.c" -mcpu=cortex-m4 -std=gnu11 -g3 -DDEBUG -DSTM32F407xx -DSTM32 -DSTM32F4 -DSTM32F407VGTx -c -I../Inc -I"D:/TRABAJO/UMAKER/CURSOS/ARM - NUCLEO/ARM_Marzo2024/USART/Components/lcd" -I"D:/TRABAJO/UMAKER/CURSOS/ARM - NUCLEO/ARM_Marzo2024/USART/Components/button" -I"D:/TRABAJO/UMAKER/CURSOS/ARM - NUCLEO/ARM_Marzo2024/USART/Components/delay" -I"D:/TRABAJO/UMAKER/CURSOS/ARM - NUCLEO/ARM_Marzo2024/USART/HVAC_App/Inc" -I"D:/TRABAJO/UMAKER/CURSOS/ARM - NUCLEO/ARM_Marzo2024/USART/Drivers/CMSIS/Include" -I"D:/TRABAJO/UMAKER/CURSOS/ARM - NUCLEO/ARM_Marzo2024/USART/Drivers/CMSIS/Device/ST/STM32F4xx/Include" -I"D:/TRABAJO/UMAKER/CURSOS/ARM - NUCLEO/ARM_Marzo2024/USART/Core/Inc" -O0 -ffunction-sections -fdata-sections -Wall -fstack-usage -fcyclomatic-complexity -MMD -MP -MF"Components/button/button.d" -MT"Components/button/button.o" --specs=nano.specs -mfpu=fpv4-sp-d16 -mfloat-abi=hard -mthumb -o "Components/button/button.o"
arm-none-eabi-gcc -o "USART.elf" @"objects.list"   -mcpu=cortex-m4 -T"D:\TRABAJO\UMAKER\CURSOS\ARM - NUCLEO\ARM_Marzo2024\USART\STM32F407VGTX_FLASH.ld" --specs=nosys.specs -Wl,-Map="USART.map" -Wl,--gc-sections -static --specs=nano.specs -mfpu=fpv4-sp-d16 -mfloat-abi=hard -mthumb -Wl,--start-group -lc -lm -Wl,--end-group
Finished building target: USART.elf
 
arm-none-eabi-size  USART.elf 
arm-none-eabi-objdump -h -S USART.elf  > "USART.list"
arm-none-eabi-objcopy  -O ihex USART.elf  "USART.hex"
arm-none-eabi-objcopy  -O binary USART.elf  "USART.bin"
   text	   data	    bss	    dec	    hex	filename
   9832	    104	   2000	  11936	   2ea0	USART.elf
Finished building: default.size.stdout
 
Finished building: USART.bin
 
Finished building: USART.hex
 
Finished building: USART.list
 

21:35:40 Build Finished. 0 errors, 0 warnings. (took 6s.882ms)

